// Jest Snapshot v1, https://goo.gl/fbAQLP

exports[`Should render Expense list  correctly 1`] = `
<div>
  <h1>
    Expense List
  </h1>
  <ExpenseListItem
    amount={2000}
    createdAt={0}
    description="Gum"
    id="1"
    key="1"
    notes=""
  />
  <ExpenseListItem
    amount={3000}
    createdAt={-345600000}
    description="Rent"
    id="2"
    key="2"
    notes=""
  />
  <ExpenseListItem
    amount={1000}
    createdAt={345600000}
    description="Credit card"
    id="3"
    key="3"
    notes=""
  />
</div>
`;

exports[`should render expense list with empty message 1`] = `
<div>
  <h1>
    Expense List
  </h1>
  <p>
    No Expense found..
  </p>
</div>
`;
