// Jest Snapshot v1, https://goo.gl/fbAQLP

exports[`Should render Expense notfound page correctly 1`] = `
<div>
  No Match Found 
  <Link
    to="/"
  >
    Go Home
  </Link>
</div>
`;
